// Bun Snapshot v1, https://goo.gl/fbAQLP

exports[`part one 1`] = `2551`;
